// Jest Snapshot v1, https://goo.gl/fbAQLP

exports[`EmployeesPage should render correctly 1`] = `
<withI18nextTranslation(WithStyles(AimDataGrid))
  columns={
    Array [
      Object {
        "label": "employeePage.grid.columns.id_i18n",
        "name": "id",
      },
      Object {
        "label": "employeePage.grid.columns.lastName_i18n",
        "name": "lastName",
      },
      Object {
        "label": "employeePage.grid.columns.firstName_i18n",
        "name": "firstName",
      },
      Object {
        "label": "employeePage.grid.columns.middleName_i18n",
        "name": "middleName",
      },
      Object {
        "label": "employeePage.grid.columns.position_i18n",
        "name": "post",
      },
      Object {
        "label": "employeePage.grid.columns.role_i18n",
        "name": "role",
      },
    ]
  }
  customToolbar={[Function]}
  data={Array []}
  filterPanelOpen={true}
  filterValues={Object {}}
  onChangePage={[Function]}
  onChangeRowsPerPage={[Function]}
  onColumnSortChange={[Function]}
  onFilterChange={[Function]}
  onRowClick={[Function]}
  pageTitle="employeePage.header_i18n"
  renderCustomFilterCmp={[Function]}
  rowsPerPage={10}
  sort={
    Object {
      "direction": "asc",
      "sortBy": "firstName",
    }
  }
  toggleFilterPanel={[Function]}
  totalPageCount={10}
/>
`;
