// Jest Snapshot v1, https://goo.gl/fbAQLP

exports[`PortalContainer should render correctly 1`] = `
<Connect(withRouter(AuthGuard))>
  <div
    className="mainContainer"
  >
    <Connect(WithStyles(Header))>
      <withRouter() />
    </Connect(WithStyles(Header))>
    <div
      className="bodyContainer"
    >
      <Connect(WithStyles(SideBar)) />
      <main
        className="content"
      >
        <Switch>
          <Redirect
            exact={true}
            path="/"
            push={false}
            to="/requests"
          />
          <Route
            component={[Function]}
            exact={true}
            path="/requests/create"
          />
          <Route
            component={[Function]}
            exact={true}
            path="/requests/:id"
          />
          <Route
            component={[Function]}
            exact={true}
            path="/requests"
          />
          <Route
            component={[Function]}
            exact={true}
            path="/resources"
          />
          <Connect(RouteProtector)
            requiredRoles={
              Array [
                "ADMIN",
                "POOL_CREATOR",
                "POOL_OWNER",
              ]
            }
          >
            <Route
              component={[Function]}
              exact={true}
              path="/resource-pools/chart"
            />
            <Route
              component={[Function]}
              exact={true}
              path="/resource-pools"
            />
            <Connect(RouteProtector)
              requiredRoles={
                Array [
                  "ADMIN",
                  "POOL_CREATOR",
                ]
              }
            >
              <Route
                component={[Function]}
                exact={true}
                path="/resource-pools/create"
              />
              <Route
                component={[Function]}
                exact={true}
                path="/resource-pools/:id"
              />
              <Connect(RouteProtector)
                requiredRoles={
                  Array [
                    "ADMIN",
                  ]
                }
              >
                <Route
                  component={[Function]}
                  exact={true}
                  path="/resource-types/create"
                />
                <Route
                  component={[Function]}
                  exact={true}
                  path="/resource-types/:id"
                />
                <Route
                  component={[Function]}
                  exact={true}
                  path="/resource-types"
                />
                <Route
                  component={[Function]}
                  exact={true}
                  path="/employees/:id"
                />
                <Route
                  component={[Function]}
                  exact={true}
                  path="/employees"
                />
                <Route
                  component={[Function]}
                  exact={true}
                  path="/settings"
                />
                <Redirect
                  path="/"
                  push={false}
                  to="/requests"
                />
              </Connect(RouteProtector)>
              <Redirect
                path="/"
                push={false}
                to="/requests"
              />
            </Connect(RouteProtector)>
            <Redirect
              path="/"
              push={false}
              to="/requests"
            />
          </Connect(RouteProtector)>
          <Redirect
            path="/"
            push={false}
            to="/requests"
          />
        </Switch>
      </main>
    </div>
  </div>
</Connect(withRouter(AuthGuard))>
`;
